* create mode 100644 CHIP_Cloud Concepts.pdf
 create mode 100644 Case Study Marks 14-Feb-2022.xlsx
 create mode 100644 ECommerceApplicationWithCoupanManagemenSystem-V1.0.1 (002).pdf
 create mode 100644 System Issues.xlsx
 create mode 100644 doc.xls

pongi@LAPTOP-4PEOJNJL MINGW64 /e/GIT PRAC/Sample01 (master)
$ git status
On branch master
nothing to commit, working tree clean

pongi@LAPTOP-4PEOJNJL MINGW64 /e/GIT PRAC/Sample01 (master)
$ git branch B1

pongi@LAPTOP-4PEOJNJL MINGW64 /e/GIT PRAC/Sample01 (master)
$ git checkout B1
Switched to branch 'B1'

pongi@LAPTOP-4PEOJNJL MINGW64 /e/GIT PRAC/Sample01 (B1)
$ git checkout master
Switched to branch 'master'

pongi@LAPTOP-4PEOJNJL MINGW64 /e/GIT PRAC/Sample01 (master)
$ git branch --list
  B1
* master

pongi@LAPTOP-4PEOJNJL MINGW64 /e/GIT PRAC/Sample01 (master)
$ git branch
  B1
* master

pongi@LAPTOP-4PEOJNJL MINGW64 /e/GIT PRAC/Sample01 (master)
$ git branch -d B1
Deleted branch B1 (was 01a6579).

pongi@LAPTOP-4PEOJNJL MINGW64 /e/GIT PRAC/Sample01 (master)
$ git branch
* master

pongi@LAPTOP-4PEOJNJL MINGW64 /e/GIT PRAC/Sample01 (master)
$ git checkout B1
error: pathspec 'B1' did not match any file(s) known to git

pongi@LAPTOP-4PEOJNJL MINGW64 /e/GIT PRAC/Sample01 (master)
$ git branch B1

pongi@LAPTOP-4PEOJNJL MINGW64 /e/GIT PRAC/Sample01 (master)
$ git checkout b1
Switched to branch 'b1'

